******************************************************************************
          TMS320C6x COFF Linker PC v6.0.8                      
******************************************************************************
>> Linked Mon Feb 25 17:43:36 2013

OUTPUT FILE NAME:   <./Debug/test_edma_lld.out>
ENTRY POINT SYMBOL: "rst"  address: 10808400


MEMORY CONFIGURATION

         name            origin    length      used     unused   attr    fill
----------------------  --------  ---------  --------  --------  ----  --------
  L2RAM                 10800000   00020000  0000897c  00017684  RWIX
  DDR2                  80000000   08000000  00036164  07fc9e9c  RWIX


SECTION ALLOCATION MAP

 output                                  attributes/
section   page    origin      length       input sections
--------  ----  ----------  ----------   ----------------
.ddr2      0    80000000    00000000     UNINITIALIZED

my_sect    0    80000000    00000000     UNINITIALIZED

report_data 
*          0    80000000    00000000     UNINITIALIZED

.text      0    80000000    0001d4c0     
                  80000000    000075c0     edma3_rm_bios.lib : edma3resmgr.obj (.text)
                  800075c0    00005440     edma3_drv_bios.lib : edma3.obj (.text)
                  8000ca00    00002320     s_decode.obj (.text)
                  8000ed20    000019c0     crc.obj (.text)
                  800106e0    00001500     decode_dma.obj (.text)
                  80011be0    00001240     evmc6424Gel.obj (.text)
                  80012e20    00001080     c_decode.obj (.text)
                  80013ea0    00000ea0     isr.obj (.text)
                  80014d40    00000580     init.obj (.text)
                  800152c0    00000440     evm6424bsl.lib : evm6424_pll.obj (.text)
                  80015700    00000420     rts64plus.lib : _printfi.obj (.text:__setfield)
                  80015b20    00000400     evm6424bsl.lib : evm6424_gpio.obj (.text)
                  80015f20    000003a0                    : evm6424.obj (.text)
                  800162c0    00000360     rts64plus.lib : _printfi.obj (.text:__getarg_diouxp)
                  80016620    00000360                   : _printfi.obj (.text:__printfi)
                  80016980    00000320     evm6424bsl.lib : evm6424_flash_id.obj (.text)
                  80016ca0    00000300     rts64plus.lib : _printfi.obj (.text:_ecvt)
                  80016fa0    00000300                   : _printfi.obj (.text:_fcvt)
                  800172a0    00000300                   : fputs.obj (.text:_fputs)
                  800175a0    000002e0     evm6424bsl.lib : evm6424_psc.obj (.text)
                  80017880    000002e0     rts64plus.lib : _printfi.obj (.text:__fcpy)
                  80017b60    000002e0                   : _printfi.obj (.text:__pproc_fwp)
                  80017e40    000002a0                   : _printfi.obj (.text:__pconv_e)
                  800180e0    00000280                   : memory.obj (.text:_free)
                  80018360    00000260     evm6424bsl.lib : evm6424_i2c.obj (.text)
                  800185c0    00000240     rts64plus.lib : frcdivd.obj (.text:__frcdivd)
                  80018800    00000220     edma3_drv_sample_init_i.obj (.text)
                  80018a20    00000220     rts64plus.lib : imath64.obj (.text:__divull)
                  80018c40    00000220                   : _printfi.obj (.text:__pproc_diouxp)
                  80018e60    00000220                   : _printfi.obj (.text:__pproc_str)
                  80019080    00000200                   : frcaddd.obj (.text:__frcaddd)
                  80019280    000001e0     evm6424bsl.lib : evm6424_i2c_gpio.obj (.text)
                  80019460    000001e0     fpga_intf.obj (.text)
                  80019640    000001e0     utils.obj (.text)
                  80019820    000001e0     rts64plus.lib : _printfi.obj (.text:__mcpy)
                  80019a00    000001c0                   : divd.obj (.text:__divd)
                  80019bc0    000001a0     evm6424bsl.lib : evm6424_ddr.obj (.text)
                  80019d60    000001a0     rts64plus.lib : trgdrv.obj (.text:_HOSTrename)
                  80019f00    000001a0                   : imath40.obj (.text:__divul)
                  8001a0a0    000001a0                   : mpyd.obj (.text:__mpyd)
                  8001a240    000001a0                   : setvbuf.obj (.text:_setvbuf)
                  8001a3e0    00000180     evm6424bsl.lib : evm6424_flash.obj (.text)
                  8001a560    00000180     rts64plus.lib : memory.obj (.text:_malloc)
                  8001a6e0    00000160                   : addd.obj (.text:__addd)
                  8001a840    00000160                   : _printfi.obj (.text:__pconv_g)
                  8001a9a0    00000160                   : _printfi.obj (.text:__pproc_fge)
                  8001ab00    00000140                   : fputc.obj (.text:_fputc)
                  8001ac40    00000120     edma3_drv_sample_cs.obj (.text)
                  8001ad60    00000120     rts64plus.lib : _printfi.obj (.text:__pproc_fflags)
                  8001ae80    00000120                   : fclose.obj (.text:_fclose)
                  8001afa0    00000100                   : trgdrv.obj (.text:_HOSTopen)
                  8001b0a0    00000100                   : frcmpyd.obj (.text:__frcmpyd)
                  8001b1a0    00000100                   : _printfi.obj (.text:__ltostr)
                  8001b2a0    00000100                   : atoi.obj (.text:_atoi)
                  8001b3a0    00000100                   : exit.obj (.text:_exit)
                  8001b4a0    00000100                   : lowlev.obj (.text:_getdevice)
                  8001b5a0    000000e0                   : trgdrv.obj (.text:_HOSTlseek)
                  8001b680    000000e0                   : autoinit.obj (.text:__auto_init)
                  8001b760    000000e0                   : _printfi.obj (.text:__div)
                  8001b840    000000e0                   : divi.obj (.text:__divi)
                  8001b920    000000e0                   : _io_perm.obj (.text:__wrt_ok)
                  8001ba00    000000e0                   : lowlev.obj (.text:_close)
                  8001bae0    000000e0                   : fseek.obj (.text:_fseek)
                  8001bbc0    000000e0                   : memset.obj (.text:_memset)
                  8001bca0    000000c0     decode_main.obj (.text)
                  8001bd60    000000c0     rts64plus.lib : trgdrv.obj (.text:_HOSTread)
                  8001be20    000000c0                   : trgdrv.obj (.text:_HOSTunlink)
                  8001bee0    000000c0                   : trgdrv.obj (.text:_HOSTwrite)
                  8001bfa0    000000c0                   : fopen.obj (.text:__cleanup)
                  8001c060    000000c0                   : divu.obj (.text:__divu)
                  8001c120    000000c0                   : _printfi.obj (.text:__pconv_f)
                  8001c1e0    000000c0                   : remi.obj (.text:__remi)
                  8001c2a0    000000c0                   : lowlev.obj (.text:_lseek)
                  8001c360    000000c0                   : ltoa.obj (.text:_ltoa)
                  8001c420    000000c0                   : lowlev.obj (.text:_write)
                  8001c4e0    000000a0                   : trgdrv.obj (.text:_HOSTclose)
                  8001c580    000000a0                   : imath40.obj (.text:__divli)
                  8001c620    000000a0                   : fflush.obj (.text:__doflush)
                  8001c6c0    000000a0                   : _printfi.obj (.text:__ecpy)
                  8001c760    000000a0                   : fixdli.obj (.text:__fixdli)
                  8001c800    000000a0                   : fixdu.obj (.text:__fixdu)
                  8001c8a0    000000a0                   : fltlid.obj (.text:__fltlid)
                  8001c940    000000a0                   : lowlev.obj (.text:_finddevice)
                  8001c9e0    000000a0                   : memcpy64.obj (.text:_memcpy)
                  8001ca80    000000a0                   : memory.obj (.text:_minsert)
                  8001cb20    000000a0                   : memory.obj (.text:_mremove)
                  8001cbc0    000000a0                   : renormd.obj (.text:_renormd)
                  8001cc60    000000a0                   : trgmsg.obj (.text:_writemsg)
                  8001cd00    00000080                   : cmpd.obj (.text:__cmpd)
                  8001cd80    00000080                   : fixdi.obj (.text:__fixdi)
                  8001ce00    00000080                   : llshift.obj (.text:__llshl)
                  8001ce80    00000080                   : printf.obj (.text:_printf)
                  8001cf00    00000080                   : trgmsg.obj (.text:_readmsg)
                  8001cf80    00000080                   : lowlev.obj (.text:_unlink)
                  8001d000    00000060                   : fltid.obj (.text:__fltid)
                  8001d060    00000060                   : imath64.obj (.text:__subcull)
                  8001d0c0    00000060                   : boot.obj (.text:_c_int00)
                  8001d120    00000060                   : memccpy.obj (.text:_memccpy)
                  8001d180    00000060                   : vprintf.obj (.text:_vprintf)
                  8001d1e0    00000040                   : args_main.obj (.text:__args_main)
                  8001d220    00000040                   : llshift.obj (.text:__llshru)
                  8001d260    00000040                   : negd.obj (.text:__negd)
                  8001d2a0    00000040                   : imath40.obj (.text:__remli)
                  8001d2e0    00000040                   : subd.obj (.text:__subd)
                  8001d320    00000020                   : negll.obj (.text:__negll)
                  8001d340    00000020                   : _lock.obj (.text:__nop)
                  8001d360    00000020                   : vprintf.obj (.text:__outc)
                  8001d380    00000020                   : printf.obj (.text:__outc)
                  8001d3a0    00000020                   : printf.obj (.text:__outs)
                  8001d3c0    00000020                   : vprintf.obj (.text:__outs)
                  8001d3e0    00000020                   : exit.obj (.text:_abort)
                  8001d400    00000020                   : remove.obj (.text:_remove)
                  8001d420    00000020     (.T$0002)
                  8001d440    00000020     (.T$0003)
                  8001d460    00000020     (.T$0004)
                  8001d480    00000020     (.T$0001)
                  8001d4a0    00000020     (.T$0000)

.far       0    8001d4c0    00017b1c     UNINITIALIZED
                  8001d4c0    0000aa6c     c_decode.obj (.far)
                  80027f2c    00000004     rts64plus.lib : fopen.obj (.far)
                  80027f30    000070da     s_decode.obj (.far)
                  8002f00c    00000004     biosDM420.a64p : bcache_wait.o64P (.far)
                  8002f010    00002480     edma3_drv_bios.lib : edma3.obj (.far)
                  80031490    000018a0     edma3_rm_bios.lib : edma3resmgr.obj (.far)
                  80032d30    00000b8b     crc.obj (.far)
                  800338c0    00000940     edma3_rm_bios.lib : edma3_rm_gbl_data.obj (.far)
                  80034200    00000578                       : edma3_c642x_cfg.obj (.far)
                  80034778    0000039c     bios_edma3_drv_sample_c642x_cfg.obj (.far)
                  80034b18    00000194     rts64plus.lib : defs.obj (.far)
                  80034cb0    000000d0                   : trgdrv.obj (.far)
                  80034d80    000000cc                   : lowlev.obj (.far)
                  80034e50    00000090                   : exit.obj (.far)
                  80034ee0    00000090     fpga_intf.obj (.far)
                  80034f70    00000020     evm6424bsl.lib : evm6424_gpio.obj (.far)
                  80034f90    00000020     edma3_drv_sample_init_i.obj (.far)
                  80034fb0    0000000c     evm6424bsl.lib : evm6424_flash_id.obj (.far)
                  80034fc0    0000000a     isr.obj (.far)
                  80034fcc    00000008     rts64plus.lib : memory.obj (.far)
                  80034fd4    00000008                   : _lock.obj (.far)

.stack     0    80034fe0    00000800     UNINITIALIZED
                  80034fe0    00000008     rts64plus.lib : boot.obj (.stack)

.sysmem    0    800357e0    00000800     UNINITIALIZED
                  800357e0    00000008     rts64plus.lib : memory.obj (.sysmem)

.switch    0    80035fe0    00000188     
                  80035fe0    000000b8     edma3_drv_bios.lib : edma3.obj (.switch)
                  80036098    000000a0     edma3_rm_bios.lib : edma3resmgr.obj (.switch)
                  80036138    00000020     evm6424bsl.lib : evm6424.obj (.switch)
                  80036158    00000010     rts64plus.lib : frcdivd.obj (.switch)

.data      0    10800000    00000000     UNINITIALIZED

.cinit     0    10800000    00000df4     COPY SECTION
                  10800000    00000588     edma3_rm_bios.lib : edma3_c642x_cfg.obj (.cinit)
                  10800588    000003e8     bios_edma3_drv_sample_c642x_cfg.obj (.cinit)
                  10800970    0000007c     fpga_intf.obj (.cinit)
                  108009ec    00000004     --HOLE-- [fill = 0]
                  108009f0    0000007a     edma3_rm_bios.lib : edma3resmgr.obj (.cinit)
                  10800a6a    00000006     --HOLE-- [fill = 0]
                  10800a70    0000006c     crc.obj (.cinit)
                  10800adc    00000004     --HOLE-- [fill = 0]
                  10800ae0    0000005c     rts64plus.lib : lowlev.obj (.cinit)
                  10800b3c    00000004     --HOLE-- [fill = 0]
                  10800b40    0000005c                   : defs.obj (.cinit)
                  10800b9c    00000004     --HOLE-- [fill = 0]
                  10800ba0    00000058     evm6424bsl.lib : evm6424_gpio.obj (.cinit)
                  10800bf8    0000004c     edma3_rm_bios.lib : edma3_rm_gbl_data.obj (.cinit)
                  10800c44    00000004     --HOLE-- [fill = 0]
                  10800c48    00000048     edma3_drv_sample_init_i.obj (.cinit)
                  10800c90    0000003c     evm6424bsl.lib : evm6424_flash_id.obj (.cinit)
                  10800ccc    00000004     --HOLE-- [fill = 0]
                  10800cd0    0000002c     rts64plus.lib : memory.obj (.cinit)
                  10800cfc    00000004     --HOLE-- [fill = 0]
                  10800d00    0000002c                   : exit.obj (.cinit)
                  10800d2c    00000004     --HOLE-- [fill = 0]
                  10800d30    0000001c                   : _lock.obj (.cinit)
                  10800d4c    00000004     --HOLE-- [fill = 0]
                  10800d50    0000001c     init.obj (.cinit)
                  10800d6c    00000004     --HOLE-- [fill = 0]
                  10800d70    00000019     s_decode.obj (.cinit)
                  10800d89    00000007     --HOLE-- [fill = 0]
                  10800d90    0000000c     rts64plus.lib : fopen.obj (.cinit)
                  10800d9c    00000004     --HOLE-- [fill = 0]
                  10800da0    0000000c     biosDM420.a64p : bcache_wait.o64P (.cinit)
                  10800dac    00000004     --HOLE-- [fill = 0]
                  10800db0    0000000c     evm6424bsl.lib : evm6424_i2c.obj (.cinit)
                  10800dbc    00000004     --HOLE-- [fill = 0]
                  10800dc0    0000000c                    : evm6424_psc.obj (.cinit)
                  10800dcc    00000004     --HOLE-- [fill = 0]
                  10800dd0    0000000a     edma3_drv_bios.lib : edma3.obj (.cinit)
                  10800dda    00000006     --HOLE-- [fill = 0]
                  10800de0    00000009     c_decode.obj (.cinit)
                  10800de9    0000000b     --HOLE-- [fill = 0]

fpga_data 
*          0    10800000    00007180     UNINITIALIZED
                  10800000    00007180     s_decode.obj (fpga_data)

.const     0    10807180    00000ef0     
                  10807180    0000054e     evmc6424Gel.obj (.const)
                  108076ce    00000002     rts64plus.lib : fputs.obj (.const)
                  108076d0    000004de     decode_dma.obj (.const)
                  10807bae    00000002     --HOLE-- [fill = 0]
                  10807bb0    00000158     edma3_drv_sample_init_i.obj (.const)
                  10807d08    00000101     rts64plus.lib : ctype.obj (.const)
                  10807e09    00000003     --HOLE-- [fill = 0]
                  10807e0c    000000d2     s_decode.obj (.const)
                  10807ede    00000002     --HOLE-- [fill = 0]
                  10807ee0    0000007b     crc.obj (.const)
                  10807f5b    00000001     --HOLE-- [fill = 0]
                  10807f5c    00000050     isr.obj (.const)
                  10807fac    0000002d     edma3_drv_sample_cs.obj (.const)
                  10807fd9    00000003     --HOLE-- [fill = 0]
                  10807fdc    0000002c     decode_main.obj (.const)
                  10808008    00000022     init.obj (.const)
                  1080802a    00000002     --HOLE-- [fill = 0]
                  1080802c    00000015     edma3_drv_bios.lib : edma3.obj (.const)
                  10808041    00000003     --HOLE-- [fill = 0]
                  10808044    00000009     c_decode.obj (.const)
                  1080804d    00000023     rts64plus.lib : _printfi.obj (.const)

.cio       0    10808070    00000120     UNINITIALIZED
                  10808070    00000120     rts64plus.lib : trgmsg.obj (.cio)

.bss       0    10808190    000000cc     UNINITIALIZED
                  10808190    00000050     crc.obj (.bss)
                  108081e0    00000014     edma3_rm_bios.lib : edma3_rm_gbl_data.obj (.bss)
                  108081f4    00000010     evm6424bsl.lib : evm6424_flash_id.obj (.bss)
                  10808204    0000000e     edma3_rm_bios.lib : edma3resmgr.obj (.bss)
                  10808212    00000002     edma3_drv_bios.lib : edma3.obj (.bss)
                  10808214    0000000c     bios_edma3_drv_sample_c642x_cfg.obj (.bss)
                  10808220    0000000c     fpga_intf.obj (.bss)
                  1080822c    0000000c     s_decode.obj (.bss)
                  10808238    00000009     c_decode.obj (.bss)
                  10808244    00000008     edma3_drv_sample_init_i.obj (.bss)
                  1080824c    00000008     init.obj (.bss)
                  10808254    00000004     evm6424bsl.lib : evm6424_psc.obj (.bss)
                  10808258    00000004                    : evm6424_i2c.obj (.bss)

.intvecs   0    10808400    00000200     
                  10808400    00000200     intvecs.obj (.intvecs)

.bios      0    10808600    00000520     
                  10808600    000001c0     biosDM420.a64p : bcache_mode.o64P (.bios)
                  108087c0    000001a0                    : bcache_block.o64P (.bios)
                  10808960    00000140                    : bcache_init.o64P (.bios)
                  10808aa0    00000080                    : bcache_wait.o64P (.bios)


FAR CALL TRAMPOLINES

callee    addr      tramp     addr      call addr  call info
--------  --------  --------  --------  ---------  ----------------
_BCACHE_wb
          10808928  .T$0000   8001d4a0  8001ace0   edma3_drv_sample_cs.obj (.text)
_BCACHE_inv
          10808938  .T$0001   8001d480  8001aca0   edma3_drv_sample_cs.obj (.text)
_BCACHE_setSize
          10808960  .T$0002   8001d420  80015120   init.obj (.text)
_BCACHE_setMode
          10808600  .T$0003   8001d440  80015140   init.obj (.text)
                                        80015130   init.obj (.text)
                                        80015128   init.obj (.text)
_BCACHE_setMar
          108089a4  .T$0004   8001d460  800151d8   init.obj (.text)
                                        800151c8   init.obj (.text)
                                        800151c0   init.obj (.text)
                                        800151ac   init.obj (.text)
                                        80015190   init.obj (.text)
                                        8001517c   init.obj (.text)
                                        80015168   init.obj (.text)
                                        8001514c   init.obj (.text)


GLOBAL SYMBOLS: SORTED ALPHABETICALLY BY Name 

address    name
--------   ----
10808190   $bss
10808190   .bss
10800000   .data
80000000   .text
10808440   AINT_V
8001d3e0   C$$EXIT
8001cce4   C$$IO$$
10808540   INT10_V
10808560   INT11_V
10808580   INT12_V
108085a0   INT13_V
108085c0   INT14_V
108085e0   INT15_V
10808480   INT4_V
108084a0   INT5_V
108084c0   INT6_V
108084e0   INT7_V
10808500   INT8_V
10808520   INT9_V
10808460   MSGINT_V
10808420   NMI_V
10808400   RESET_V
10808a74   _BCACHE_getMar
10808748   _BCACHE_getMode
10808a24   _BCACHE_getSize
10808938   _BCACHE_inv
108089f4   _BCACHE_setCacheToSram
108089a4   _BCACHE_setMar
10808600   _BCACHE_setMode
10808960   _BCACHE_setSize
10808aa0   _BCACHE_wait
10808928   _BCACHE_wb
10808914   _BCACHE_wbInv
80012b98   _Boot_Mode_Reader
80012e20   _C_decode_init
80013060   _C_select_recv
80011f18   _CheckPCI
80011de0   _Disable_EDMA
8000c338   _EDMA3_DRV_Ioctl
8000a128   _EDMA3_DRV_chainChannel
8000c0e8   _EDMA3_DRV_checkAndClearTcc
80008b6c   _EDMA3_DRV_clearErrorBits
80007d40   _EDMA3_DRV_close
800075c0   _EDMA3_DRV_create
80007934   _EDMA3_DRV_delete
8000a7d8   _EDMA3_DRV_disableTransfer
8000a498   _EDMA3_DRV_enableTransfer
800087f0   _EDMA3_DRV_freeChannel
8000bf00   _EDMA3_DRV_getCCRegister
8000bd04   _EDMA3_DRV_getMapChToEvtQ
800093b4   _EDMA3_DRV_getOptField
8000ae2c   _EDMA3_DRV_getPaRAM
8000b06c   _EDMA3_DRV_getPaRAMEntry
8000b66c   _EDMA3_DRV_getPaRAMField
8000c234   _EDMA3_DRV_getPaRAMPhyAddr
80008d90   _EDMA3_DRV_linkChannel
8000bb2c   _EDMA3_DRV_mapChToEvtQ
80007a74   _EDMA3_DRV_open
80007e60   _EDMA3_DRV_requestChannel
8000be34   _EDMA3_DRV_setCCRegister
80009d20   _EDMA3_DRV_setDestIndex
80009888   _EDMA3_DRV_setDestParams
8000b9a4   _EDMA3_DRV_setEvtQPriority
800090f8   _EDMA3_DRV_setOptField
8000ad10   _EDMA3_DRV_setPaRAM
8000af44   _EDMA3_DRV_setPaRAMEntry
8000b194   _EDMA3_DRV_setPaRAMField
8000ac08   _EDMA3_DRV_setQdmaTrigWord
80009b50   _EDMA3_DRV_setSrcIndex
800095c8   _EDMA3_DRV_setSrcParams
80009ee0   _EDMA3_DRV_setTransferParams
8000a358   _EDMA3_DRV_unchainChannel
80008fc8   _EDMA3_DRV_unlinkChannel
8000bfa0   _EDMA3_DRV_waitAndClearTcc
108081e0   _EDMA3_MAX_RM_INSTANCES
80005308   _EDMA3_RM_Ioctl
80003aac   _EDMA3_RM_allocContiguousResource
80002074   _EDMA3_RM_allocLogicalChannel
80000f2c   _EDMA3_RM_allocResource
80004914   _EDMA3_RM_checkAndClearTcc
80000d04   _EDMA3_RM_close
80000000   _EDMA3_RM_create
800004e0   _EDMA3_RM_delete
800044f4   _EDMA3_RM_freeContiguousResource
80002c48   _EDMA3_RM_freeLogicalChannel
80001b34   _EDMA3_RM_freeResource
800050a8   _EDMA3_RM_getBaseAddress
80004724   _EDMA3_RM_getCCRegister
8000516c   _EDMA3_RM_getGblConfigParams
800051d4   _EDMA3_RM_getInstanceInitCfg
80004c84   _EDMA3_RM_getPaRAM
80004e94   _EDMA3_RM_getPaRAMPhyAddr
80003300   _EDMA3_RM_mapEdmaChannel
800034d4   _EDMA3_RM_mapQdmaChannel
80000628   _EDMA3_RM_open
80003708   _EDMA3_RM_registerTccCb
80004658   _EDMA3_RM_setCCRegister
80004a64   _EDMA3_RM_setPaRAM
800038e0   _EDMA3_RM_unregisterTccCb
800047c4   _EDMA3_RM_waitAndClearTcc
10808220   _EVENT_NUM
80019bc0   _EVM6424_DDR_init
80016a98   _EVM6424_FLASH_getTotalPages
8001a3e0   _EVM6424_FLASH_init
80015ec0   _EVM6424_GPIO_clear_INT
80015e10   _EVM6424_GPIO_disable_INT
80015dc0   _EVM6424_GPIO_enable_INT
80015c64   _EVM6424_GPIO_getInput
80015e58   _EVM6424_GPIO_get_INT
80015b20   _EVM6424_GPIO_init
80015b34   _EVM6424_GPIO_setDir
80015bd4   _EVM6424_GPIO_setOutput
80015ce0   _EVM6424_GPIO_setTrigEdge
80019414   _EVM6424_I2C_GPIO_checkIntr
80019390   _EVM6424_I2C_GPIO_getInput
80019290   _EVM6424_I2C_GPIO_getall
80019280   _EVM6424_I2C_GPIO_init
800192e0   _EVM6424_I2C_GPIO_setOutput
800192b4   _EVM6424_I2C_GPIO_setall
800193e4   _EVM6424_I2C_GPIO_setupIntr
80019428   _EVM6424_I2C_GPIO_waitForIntr
800183a0   _EVM6424_I2C_close
80018360   _EVM6424_I2C_init
800184c0   _EVM6424_I2C_read
800183b4   _EVM6424_I2C_reset
800183c8   _EVM6424_I2C_write
800176d4   _EVM6424_PSC_changeState
800175a0   _EVM6424_PSC_enableAll
800152c0   _EVM6424_enablePll1
800154d0   _EVM6424_enablePll2
80015f54   _EVM6424_init
80015f20   _EVM6424_startupGEL
8001acb0   _Edma3_CacheFlush
8001ac6c   _Edma3_CacheInvalidate
80011be0   _GEL_TextOut
10808224   _GPIO_NUM
8001c4e0   _HOSTclose
8001b5a0   _HOSTlseek
8001afa0   _HOSTopen
8001bd60   _HOSTread
80019d60   _HOSTrename
8001be20   _HOSTunlink
8001bee0   _HOSTwrite
800129e8   _Reset_EMIF_16Bit_Bus
800129d8   _Reset_EMIF_8Bit_Bus
8000ca00   _S_decode_init
8000d4d8   _S_select_recv
80010c34   _SendReportToFPGA
80011c30   _Setup_Cache
80012924   _Setup_DDR_162_MHz
80012aa4   _Setup_EMIF_CS2_NandFlash_8Bit
800129f4   _Setup_EMIF_CS2_NorFlash_16Bit
80012a54   _Setup_EMIF_CS2_SRAM_16Bit
80012b00   _Setup_EMIF_CS3_FPGA_16Bit
80012b4c   _Setup_EMIF_CS4_FPGA_16Bit
800124b0   _Setup_PLL1_594_MHz_OscIn
800127a4   _Setup_PLL2_DDR_162_MHz_OscIn
80011e58   _Setup_Pin_Mux
80011f54   _Setup_Psc_All_On
8002f00c   __BCACHE_emifAddr
10808070   __CIOBUF_
80016980   __FLASH_getId
80016a84   __FLASH_getMfg
80016c08   __FLASH_getPageLength
80016c10   __FLASH_nextPage
8001a470   __FLASH_waitWhileErasing
8001a4e4   __FLASH_waitWhileProgramming
00000800   __STACK_SIZE
00000800   __SYSMEM_SIZE
ffffffff   ___binit__
10808190   ___bss__
ffffffff   ___c_args__
ffffffff   ___cinit__
10800000   ___data__
10800000   ___edata__
1080825c   ___end__
8001d4c0   ___etext__
ffffffff   ___pinit__
80000000   ___text__
8001966c   __abs_diff
8001a6e0   __addd
8001d1e0   __args_main
8001b680   __auto_init
8001bfa0   __cleanup
80034ed8   __cleanup_ptr
80016028   __clrPinMux
8001cd00   __cmpd
10807d08   __ctypes_
80019640   __diff
80019a00   __divd
8001b840   __divi
8001c580   __divli
8001c060   __divu
80019f00   __divul
80018a20   __divull
8001c620   __doflush
80034edc   __dtors_ptr
8001cd80   __fixdi
8001c760   __fixdli
8001c800   __fixdu
8001d000   __fltid
8001c8a0   __fltlid
80019080   __frcaddd
800185c0   __frcdivd
8001b0a0   __frcmpyd
80034ca8   __ft_end
80034b18   __ftable
8001ce00   __llshl
8001d220   __llshru
80034fd4   __lock
8001a0a0   __mpyd
8001d260   __negd
8001d320   __negll
8001d340   __nop
80016620   __printfi
8001c1e0   __remi
8001d2a0   __remli
8001606c   __resetEMIF
80015fe4   __setPinMux
80016168   __setupEMIF
80015f70   __setupPinMux
80034fe0   __stack
8001d060   __subcull
8001d2e0   __subd
800357e0   __sys_memory
80034c08   __tmpnams
80034fd8   __unlock
80016250   __wait
80012150   __wait2
80016284   __waitusec
8001b920   __wrt_ok
8001d3e0   _abort
8001bcac   _app_main
8001b2a0   _atoi
80033530   _bitErrSynm
80013ea0   _buffer1_ready_isr
80014238   _buffer2_ready_isr
80014600   _c_buffer1_ready_isr
80014978   _c_buffer2_ready_isr
80013130   _c_decode
8001d0c0   _c_int00
8001d500   _c_sample_data
80014cf8   _c_sample_data1_complete_isr
80014d0c   _c_sample_data2_complete_isr
8000da14   _cal_refer_level
10808250   _ccErrorInt
1080824c   _ccXferCompInt
8001d4f0   _cdataSt
8001d4e0   _cdata_rptr
8001d4e8   _cdata_wptr
8000e6d0   _central_amplitude
80027dc0   _cframe
80010a04   _chain_channel
8000d6cc   _check_dlt_ref_direction
80010e74   _check_report_event_miss
80010c90   _check_retrieve_event_miss
8000d748   _check_sum_ref_direction
80010fec   _clear_all_dma_int
80010f98   _clear_dma_int
8001ba00   _close
8000e1b4   _consistent_power_test
80012f2c   _construct_C_report
8000cab8   _construct_S_report
8000f394   _crcbitbybit
8000f638   _crcbitbybitfast
108081c8   _crchighbit
108081a8   _crcinit
108081d0   _crcinit_direct
108081d8   _crcinit_nondirect
108081c0   _crcmask
80032d30   _crctab
8000f074   _crctable
8000ef18   _crctablefast
108081b0   _crcxor
80010720   _create_channel
80027f40   _d_frame_check
80027f38   _d_frame_isr
80027f30   _d_state_isr
800344d8   _defInstInitConfig
8000e3e8   _df_valid
108081a0   _direct
80019724   _dmaprintf
8000cd4c   _do_frame_check
80007100   _edma3CCErrHandler0
80007354   _edma3ComplHandler0
80034200   _edma3GblCfgParams
800066b4   _edma3MemCpy
8000664c   _edma3MemSet
1080820c   _edma3NumPaRAMSets
8001ac40   _edma3OsProtectEntry
8001ac54   _edma3OsProtectExit
8001acf0   _edma3OsSemCreate
8001ad10   _edma3OsSemDelete
8001ad40   _edma3OsSemGive
8001ad28   _edma3OsSemTake
80018944   _edma3deinit
80018800   _edma3init
80014f18   _enable_gie
80014f28   _enable_nmie
80010af0   _enable_transfer
8000fe78   _errCheck
80034f30   _eventList
8001b3a0   _exit
8001ae80   _fclose
8001ab00   _fputc
800172a0   _fputs
800180e0   _free
8001bae0   _fseek
1080823a   _gBitValue
1080823c   _gConf
1080823f   _gDltRef
80034f14   _gFrameEnd
80034ee0   _gFrameReport
1080823e   _gSumRef
80034fc8   _g_c_sample_full
80034fc0   _g_s_sample_full
8000edc8   _generate_crc_table
8000f824   _generate_error_syndrome
80019760   _getMax4
80019804   _get_TB
8001980c   _get_at
80019814   _get_bs_dlt
80019810   _get_bs_sum
800197f8   _get_dest_address
8000fcd4   _get_lowc_bitmap
80019818   _get_omni
800197f4   _get_operate_mode
80019808   _get_pat
80019800   _get_range
8000d7cc   _get_ref_pulse
80034f60   _gpioList
10808244   _hEdma
1080821c   _hwInt
10808258   _i2c_timeout
80011bf0   _initDSP
80011b38   _init_adsb_dma
800151f0   _init_app
80015104   _init_cache
8000f9a4   _init_crc
8001520c   _init_fpga
80014fa8   _init_gpio
80014f3c   _init_isr
800150e0   _init_pinmux
80015244   _init_system
80010a94   _link_channel
80005c80   _lisrEdma3CCErrHandler0
800056d8   _lisrEdma3ComplHandler0
800060b0   _lisrEdma3TC0ErrHandler0
800060cc   _lisrEdma3TC1ErrHandler0
800060e8   _lisrEdma3TC2ErrHandler0
80006104   _lisrEdma3TC3ErrHandler0
80006120   _lisrEdma3TC4ErrHandler0
80006138   _lisrEdma3TC5ErrHandler0
80006154   _lisrEdma3TC6ErrHandler0
80006170   _lisrEdma3TC7ErrHandler0
8001c2a0   _lseek
8001c360   _ltoa
8001bca0   _main
8001a560   _malloc
8001d120   _memccpy
8001c9e0   _memcpy
8001bbc0   _memset
8000e6d4   _multi_sample_baseline
800196e8   _myprintf
10808214   _numEdma3EvtQue
10808218   _numEdma3Tc
10808190   _order
80027eb0   _overlap
8000ddf4   _overlap_frame_check
10808198   _polynom
8001ce80   _printf
8001202c   _psc_change_state
80034f90   _ptrEdma3TcIsrHandler
108081f0   _ptrInitCfgArray
108081ec   _ptrRMIArray
8001ab00   _putc
8001cf00   _readmsg
108081b8   _refin
8000ed20   _reflect
108081bc   _refout
800195b4   _release_fpga_buffer
8001d400   _remove
8001cbc0   _renormd
80014d24   _report_complet1_isr
80014d28   _report_complet2_isr
80019460   _report_init
800194b4   _report_to_CPU
108081e4   _resMgrInstance
80033e00   _resMgrInstanceArray
80031490   _resMgrObj
80010b48   _retrieve_sample_data
8000d5cc   _s_decode
80027f58   _s_sample_data
80034798   _sampleEdma3GblCfgParams
80034a6c   _sampleInstInitConfig
10800000   _sample_data
800145d8   _sample_data1_complete_isr
800145ec   _sample_data2_complete_isr
10803840   _sample_data_dlt
10807080   _sdataSt
8002efd8   _sdata_rptr
8002efe0   _sdata_wptr
80019574   _send_END_to_CPU
80012930   _setup_aemif
8001150c   _setup_c_data1_channel
800117a4   _setup_c_data2_channel
800127b4   _setup_ddr2
80014d40   _setup_int
80012180   _setup_pll_1
800124c4   _setup_pll_2
80011a30   _setup_report_channel
80011018   _setup_s_data1_channel
80011288   _setup_s_data2_channel
8001a240   _setvbuf
80027ef0   _spi_flag
80034778   _tcErrorInt
800338b0   _temp_buf
8001cf80   _unlink
108081e8   _userInitConfig
800338c0   _userInstInitConfigArray
10808238   _v_cnt
8001d180   _vprintf
80010f50   _wait_complete
800196b8   _wait_debug
8001c420   _write
8001cc60   _writemsg
ffffffff   binit
ffffffff   cinit
10800000   edata
1080825c   end
8001d4c0   etext
ffffffff   pinit
10808400   rst


GLOBAL SYMBOLS: SORTED BY Symbol Address 

address    name
--------   ----
00000800   __STACK_SIZE
00000800   __SYSMEM_SIZE
10800000   .data
10800000   ___data__
10800000   ___edata__
10800000   _sample_data
10800000   edata
10803840   _sample_data_dlt
10807080   _sdataSt
10807d08   __ctypes_
10808070   __CIOBUF_
10808190   $bss
10808190   .bss
10808190   ___bss__
10808190   _order
10808198   _polynom
108081a0   _direct
108081a8   _crcinit
108081b0   _crcxor
108081b8   _refin
108081bc   _refout
108081c0   _crcmask
108081c8   _crchighbit
108081d0   _crcinit_direct
108081d8   _crcinit_nondirect
108081e0   _EDMA3_MAX_RM_INSTANCES
108081e4   _resMgrInstance
108081e8   _userInitConfig
108081ec   _ptrRMIArray
108081f0   _ptrInitCfgArray
1080820c   _edma3NumPaRAMSets
10808214   _numEdma3EvtQue
10808218   _numEdma3Tc
1080821c   _hwInt
10808220   _EVENT_NUM
10808224   _GPIO_NUM
10808238   _v_cnt
1080823a   _gBitValue
1080823c   _gConf
1080823e   _gSumRef
1080823f   _gDltRef
10808244   _hEdma
1080824c   _ccXferCompInt
10808250   _ccErrorInt
10808258   _i2c_timeout
1080825c   ___end__
1080825c   end
10808400   RESET_V
10808400   rst
10808420   NMI_V
10808440   AINT_V
10808460   MSGINT_V
10808480   INT4_V
108084a0   INT5_V
108084c0   INT6_V
108084e0   INT7_V
10808500   INT8_V
10808520   INT9_V
10808540   INT10_V
10808560   INT11_V
10808580   INT12_V
108085a0   INT13_V
108085c0   INT14_V
108085e0   INT15_V
10808600   _BCACHE_setMode
10808748   _BCACHE_getMode
10808914   _BCACHE_wbInv
10808928   _BCACHE_wb
10808938   _BCACHE_inv
10808960   _BCACHE_setSize
108089a4   _BCACHE_setMar
108089f4   _BCACHE_setCacheToSram
10808a24   _BCACHE_getSize
10808a74   _BCACHE_getMar
10808aa0   _BCACHE_wait
80000000   .text
80000000   _EDMA3_RM_create
80000000   ___text__
800004e0   _EDMA3_RM_delete
80000628   _EDMA3_RM_open
80000d04   _EDMA3_RM_close
80000f2c   _EDMA3_RM_allocResource
80001b34   _EDMA3_RM_freeResource
80002074   _EDMA3_RM_allocLogicalChannel
80002c48   _EDMA3_RM_freeLogicalChannel
80003300   _EDMA3_RM_mapEdmaChannel
800034d4   _EDMA3_RM_mapQdmaChannel
80003708   _EDMA3_RM_registerTccCb
800038e0   _EDMA3_RM_unregisterTccCb
80003aac   _EDMA3_RM_allocContiguousResource
800044f4   _EDMA3_RM_freeContiguousResource
80004658   _EDMA3_RM_setCCRegister
80004724   _EDMA3_RM_getCCRegister
800047c4   _EDMA3_RM_waitAndClearTcc
80004914   _EDMA3_RM_checkAndClearTcc
80004a64   _EDMA3_RM_setPaRAM
80004c84   _EDMA3_RM_getPaRAM
80004e94   _EDMA3_RM_getPaRAMPhyAddr
800050a8   _EDMA3_RM_getBaseAddress
8000516c   _EDMA3_RM_getGblConfigParams
800051d4   _EDMA3_RM_getInstanceInitCfg
80005308   _EDMA3_RM_Ioctl
800056d8   _lisrEdma3ComplHandler0
80005c80   _lisrEdma3CCErrHandler0
800060b0   _lisrEdma3TC0ErrHandler0
800060cc   _lisrEdma3TC1ErrHandler0
800060e8   _lisrEdma3TC2ErrHandler0
80006104   _lisrEdma3TC3ErrHandler0
80006120   _lisrEdma3TC4ErrHandler0
80006138   _lisrEdma3TC5ErrHandler0
80006154   _lisrEdma3TC6ErrHandler0
80006170   _lisrEdma3TC7ErrHandler0
8000664c   _edma3MemSet
800066b4   _edma3MemCpy
80007100   _edma3CCErrHandler0
80007354   _edma3ComplHandler0
800075c0   _EDMA3_DRV_create
80007934   _EDMA3_DRV_delete
80007a74   _EDMA3_DRV_open
80007d40   _EDMA3_DRV_close
80007e60   _EDMA3_DRV_requestChannel
800087f0   _EDMA3_DRV_freeChannel
80008b6c   _EDMA3_DRV_clearErrorBits
80008d90   _EDMA3_DRV_linkChannel
80008fc8   _EDMA3_DRV_unlinkChannel
800090f8   _EDMA3_DRV_setOptField
800093b4   _EDMA3_DRV_getOptField
800095c8   _EDMA3_DRV_setSrcParams
80009888   _EDMA3_DRV_setDestParams
80009b50   _EDMA3_DRV_setSrcIndex
80009d20   _EDMA3_DRV_setDestIndex
80009ee0   _EDMA3_DRV_setTransferParams
8000a128   _EDMA3_DRV_chainChannel
8000a358   _EDMA3_DRV_unchainChannel
8000a498   _EDMA3_DRV_enableTransfer
8000a7d8   _EDMA3_DRV_disableTransfer
8000ac08   _EDMA3_DRV_setQdmaTrigWord
8000ad10   _EDMA3_DRV_setPaRAM
8000ae2c   _EDMA3_DRV_getPaRAM
8000af44   _EDMA3_DRV_setPaRAMEntry
8000b06c   _EDMA3_DRV_getPaRAMEntry
8000b194   _EDMA3_DRV_setPaRAMField
8000b66c   _EDMA3_DRV_getPaRAMField
8000b9a4   _EDMA3_DRV_setEvtQPriority
8000bb2c   _EDMA3_DRV_mapChToEvtQ
8000bd04   _EDMA3_DRV_getMapChToEvtQ
8000be34   _EDMA3_DRV_setCCRegister
8000bf00   _EDMA3_DRV_getCCRegister
8000bfa0   _EDMA3_DRV_waitAndClearTcc
8000c0e8   _EDMA3_DRV_checkAndClearTcc
8000c234   _EDMA3_DRV_getPaRAMPhyAddr
8000c338   _EDMA3_DRV_Ioctl
8000ca00   _S_decode_init
8000cab8   _construct_S_report
8000cd4c   _do_frame_check
8000d4d8   _S_select_recv
8000d5cc   _s_decode
8000d6cc   _check_dlt_ref_direction
8000d748   _check_sum_ref_direction
8000d7cc   _get_ref_pulse
8000da14   _cal_refer_level
8000ddf4   _overlap_frame_check
8000e1b4   _consistent_power_test
8000e3e8   _df_valid
8000e6d0   _central_amplitude
8000e6d4   _multi_sample_baseline
8000ed20   _reflect
8000edc8   _generate_crc_table
8000ef18   _crctablefast
8000f074   _crctable
8000f394   _crcbitbybit
8000f638   _crcbitbybitfast
8000f824   _generate_error_syndrome
8000f9a4   _init_crc
8000fcd4   _get_lowc_bitmap
8000fe78   _errCheck
80010720   _create_channel
80010a04   _chain_channel
80010a94   _link_channel
80010af0   _enable_transfer
80010b48   _retrieve_sample_data
80010c34   _SendReportToFPGA
80010c90   _check_retrieve_event_miss
80010e74   _check_report_event_miss
80010f50   _wait_complete
80010f98   _clear_dma_int
80010fec   _clear_all_dma_int
80011018   _setup_s_data1_channel
80011288   _setup_s_data2_channel
8001150c   _setup_c_data1_channel
800117a4   _setup_c_data2_channel
80011a30   _setup_report_channel
80011b38   _init_adsb_dma
80011be0   _GEL_TextOut
80011bf0   _initDSP
80011c30   _Setup_Cache
80011de0   _Disable_EDMA
80011e58   _Setup_Pin_Mux
80011f18   _CheckPCI
80011f54   _Setup_Psc_All_On
8001202c   _psc_change_state
80012150   __wait2
80012180   _setup_pll_1
800124b0   _Setup_PLL1_594_MHz_OscIn
800124c4   _setup_pll_2
800127a4   _Setup_PLL2_DDR_162_MHz_OscIn
800127b4   _setup_ddr2
80012924   _Setup_DDR_162_MHz
80012930   _setup_aemif
800129d8   _Reset_EMIF_8Bit_Bus
800129e8   _Reset_EMIF_16Bit_Bus
800129f4   _Setup_EMIF_CS2_NorFlash_16Bit
80012a54   _Setup_EMIF_CS2_SRAM_16Bit
80012aa4   _Setup_EMIF_CS2_NandFlash_8Bit
80012b00   _Setup_EMIF_CS3_FPGA_16Bit
80012b4c   _Setup_EMIF_CS4_FPGA_16Bit
80012b98   _Boot_Mode_Reader
80012e20   _C_decode_init
80012f2c   _construct_C_report
80013060   _C_select_recv
80013130   _c_decode
80013ea0   _buffer1_ready_isr
80014238   _buffer2_ready_isr
800145d8   _sample_data1_complete_isr
800145ec   _sample_data2_complete_isr
80014600   _c_buffer1_ready_isr
80014978   _c_buffer2_ready_isr
80014cf8   _c_sample_data1_complete_isr
80014d0c   _c_sample_data2_complete_isr
80014d24   _report_complet1_isr
80014d28   _report_complet2_isr
80014d40   _setup_int
80014f18   _enable_gie
80014f28   _enable_nmie
80014f3c   _init_isr
80014fa8   _init_gpio
800150e0   _init_pinmux
80015104   _init_cache
800151f0   _init_app
8001520c   _init_fpga
80015244   _init_system
800152c0   _EVM6424_enablePll1
800154d0   _EVM6424_enablePll2
80015b20   _EVM6424_GPIO_init
80015b34   _EVM6424_GPIO_setDir
80015bd4   _EVM6424_GPIO_setOutput
80015c64   _EVM6424_GPIO_getInput
80015ce0   _EVM6424_GPIO_setTrigEdge
80015dc0   _EVM6424_GPIO_enable_INT
80015e10   _EVM6424_GPIO_disable_INT
80015e58   _EVM6424_GPIO_get_INT
80015ec0   _EVM6424_GPIO_clear_INT
80015f20   _EVM6424_startupGEL
80015f54   _EVM6424_init
80015f70   __setupPinMux
80015fe4   __setPinMux
80016028   __clrPinMux
8001606c   __resetEMIF
80016168   __setupEMIF
80016250   __wait
80016284   __waitusec
80016620   __printfi
80016980   __FLASH_getId
80016a84   __FLASH_getMfg
80016a98   _EVM6424_FLASH_getTotalPages
80016c08   __FLASH_getPageLength
80016c10   __FLASH_nextPage
800172a0   _fputs
800175a0   _EVM6424_PSC_enableAll
800176d4   _EVM6424_PSC_changeState
800180e0   _free
80018360   _EVM6424_I2C_init
800183a0   _EVM6424_I2C_close
800183b4   _EVM6424_I2C_reset
800183c8   _EVM6424_I2C_write
800184c0   _EVM6424_I2C_read
800185c0   __frcdivd
80018800   _edma3init
80018944   _edma3deinit
80018a20   __divull
80019080   __frcaddd
80019280   _EVM6424_I2C_GPIO_init
80019290   _EVM6424_I2C_GPIO_getall
800192b4   _EVM6424_I2C_GPIO_setall
800192e0   _EVM6424_I2C_GPIO_setOutput
80019390   _EVM6424_I2C_GPIO_getInput
800193e4   _EVM6424_I2C_GPIO_setupIntr
80019414   _EVM6424_I2C_GPIO_checkIntr
80019428   _EVM6424_I2C_GPIO_waitForIntr
80019460   _report_init
800194b4   _report_to_CPU
80019574   _send_END_to_CPU
800195b4   _release_fpga_buffer
80019640   __diff
8001966c   __abs_diff
800196b8   _wait_debug
800196e8   _myprintf
80019724   _dmaprintf
80019760   _getMax4
800197f4   _get_operate_mode
800197f8   _get_dest_address
80019800   _get_range
80019804   _get_TB
80019808   _get_pat
8001980c   _get_at
80019810   _get_bs_sum
80019814   _get_bs_dlt
80019818   _get_omni
80019a00   __divd
80019bc0   _EVM6424_DDR_init
80019d60   _HOSTrename
80019f00   __divul
8001a0a0   __mpyd
8001a240   _setvbuf
8001a3e0   _EVM6424_FLASH_init
8001a470   __FLASH_waitWhileErasing
8001a4e4   __FLASH_waitWhileProgramming
8001a560   _malloc
8001a6e0   __addd
8001ab00   _fputc
8001ab00   _putc
8001ac40   _edma3OsProtectEntry
8001ac54   _edma3OsProtectExit
8001ac6c   _Edma3_CacheInvalidate
8001acb0   _Edma3_CacheFlush
8001acf0   _edma3OsSemCreate
8001ad10   _edma3OsSemDelete
8001ad28   _edma3OsSemTake
8001ad40   _edma3OsSemGive
8001ae80   _fclose
8001afa0   _HOSTopen
8001b0a0   __frcmpyd
8001b2a0   _atoi
8001b3a0   _exit
8001b5a0   _HOSTlseek
8001b680   __auto_init
8001b840   __divi
8001b920   __wrt_ok
8001ba00   _close
8001bae0   _fseek
8001bbc0   _memset
8001bca0   _main
8001bcac   _app_main
8001bd60   _HOSTread
8001be20   _HOSTunlink
8001bee0   _HOSTwrite
8001bfa0   __cleanup
8001c060   __divu
8001c1e0   __remi
8001c2a0   _lseek
8001c360   _ltoa
8001c420   _write
8001c4e0   _HOSTclose
8001c580   __divli
8001c620   __doflush
8001c760   __fixdli
8001c800   __fixdu
8001c8a0   __fltlid
8001c9e0   _memcpy
8001cbc0   _renormd
8001cc60   _writemsg
8001cce4   C$$IO$$
8001cd00   __cmpd
8001cd80   __fixdi
8001ce00   __llshl
8001ce80   _printf
8001cf00   _readmsg
8001cf80   _unlink
8001d000   __fltid
8001d060   __subcull
8001d0c0   _c_int00
8001d120   _memccpy
8001d180   _vprintf
8001d1e0   __args_main
8001d220   __llshru
8001d260   __negd
8001d2a0   __remli
8001d2e0   __subd
8001d320   __negll
8001d340   __nop
8001d3e0   C$$EXIT
8001d3e0   _abort
8001d400   _remove
8001d4c0   ___etext__
8001d4c0   etext
8001d4e0   _cdata_rptr
8001d4e8   _cdata_wptr
8001d4f0   _cdataSt
8001d500   _c_sample_data
80027dc0   _cframe
80027eb0   _overlap
80027ef0   _spi_flag
80027f30   _d_state_isr
80027f38   _d_frame_isr
80027f40   _d_frame_check
80027f58   _s_sample_data
8002efd8   _sdata_rptr
8002efe0   _sdata_wptr
8002f00c   __BCACHE_emifAddr
80031490   _resMgrObj
80032d30   _crctab
80033530   _bitErrSynm
800338b0   _temp_buf
800338c0   _userInstInitConfigArray
80033e00   _resMgrInstanceArray
80034200   _edma3GblCfgParams
800344d8   _defInstInitConfig
80034778   _tcErrorInt
80034798   _sampleEdma3GblCfgParams
80034a6c   _sampleInstInitConfig
80034b18   __ftable
80034c08   __tmpnams
80034ca8   __ft_end
80034ed8   __cleanup_ptr
80034edc   __dtors_ptr
80034ee0   _gFrameReport
80034f14   _gFrameEnd
80034f30   _eventList
80034f60   _gpioList
80034f90   _ptrEdma3TcIsrHandler
80034fc0   _g_s_sample_full
80034fc8   _g_c_sample_full
80034fd4   __lock
80034fd8   __unlock
80034fe0   __stack
800357e0   __sys_memory
ffffffff   ___binit__
ffffffff   ___c_args__
ffffffff   ___cinit__
ffffffff   ___pinit__
ffffffff   binit
ffffffff   cinit
ffffffff   pinit

[433 symbols]
